../LVGL/lvgl/src/hal/../draw/../misc/lv_color.h:597:26:lv_color_hex	24	static
../LVGL/lvgl/src/hal/../draw/sw/../../core/lv_obj_pos.h:199:20:lv_obj_center	16	static
../LVGL/lvgl/src/core/lv_obj_style.h:197:20:lv_obj_set_style_pad_all	24	static
../LVGL/lvgl/src/core/lv_disp.h:162:26:lv_scr_act	8	static
../Core/Src/freertos.c:155:6:MX_FREERTOS_Init	8	static
../Core/Src/freertos.c:201:6:StartDefaultTask	24	static
../Core/Src/freertos.c:224:6:StartgrblTask	16	static
../Core/Src/freertos.c:242:20:ui_grbl_state_text	16	static
../Core/Src/freertos.c:256:20:ui_jog_hint_text	16	static
../Core/Src/freertos.c:289:19:ui_grbl_state_color	16	static
../Core/Src/freertos.c:302:13:ui_read_machine_position	40	static,ignoring_inline_asm
../Core/Src/freertos.c:320:13:ui_format_mm	48	static
../Core/Src/freertos.c:342:13:ui_set_hint_text	16	static
../Core/Src/freertos.c:351:13:ui_set_panel_style	24	static
../Core/Src/freertos.c:366:13:ui_set_chip_style	16	static
../Core/Src/freertos.c:379:13:ui_set_action_button_style	16	static
../Core/Src/freertos.c:395:18:ui_create_axis_value	32	static
../Core/Src/freertos.c:415:13:ui_update_mode_label	24	static
../Core/Src/freertos.c:434:13:ui_update_selector_styles	24	static
../Core/Src/freertos.c:446:13:ui_update_jog_button_state	24	static
../Core/Src/freertos.c:463:13:ui_update_preset_button_state	24	static
../Core/Src/freertos.c:480:13:ui_step_select_event_cb	24	static
../Core/Src/freertos.c:498:13:ui_feed_select_event_cb	24	static
../Core/Src/freertos.c:516:13:ui_jog_button_event_cb	104	static
../Core/Src/freertos.c:568:13:ui_preset_button_event_cb	24	static
../Core/Src/freertos.c:613:13:ui_status_timer_cb	96	static
../Core/Src/freertos.c:671:13:ui_init_screen	56	static
