../Core/Src/ILI9341_LCD.c:22:22:ILI9341_Write_Cmd	16	static
../Core/Src/ILI9341_LCD.c:29:22:ILI9341_Write_Data	16	static
../Core/Src/ILI9341_LCD.c:43:13:ILI9341_Delay	16	static
../Core/Src/ILI9341_LCD.c:49:6:ILI9341_LCD_RST	8	static
../Core/Src/ILI9341_LCD.c:60:6:ILI9341_LCD_BK	16	static
../Core/Src/ILI9341_LCD.c:74:6:ILI9341_Reg_Init	8	static
../Core/Src/ILI9341_LCD.c:322:6:ILI9341_GramScan	16	static
../Core/Src/ILI9341_LCD.c:369:6:ILI9341_LCD_Init	8	static
../Core/Src/ILI9341_LCD.c:388:6:ILI9341_Open_Window	24	static
../Core/Src/ILI9341_LCD.c:407:6:ILI9341_Draw_Rec	40	static
../Core/Src/ILI9341_LCD.c:434:6:ILI9341_Clear	16	static
../Core/Src/ILI9341_LCD.c:452:6:ILI9341_Draw_Rec_LVGL	40	static
