../Core/Src/stm32f4xx_it.c:81:6:NMI_Handler	4	static
../Core/Src/stm32f4xx_it.c:96:6:HardFault_Handler	4	static
../Core/Src/stm32f4xx_it.c:111:6:MemManage_Handler	4	static
../Core/Src/stm32f4xx_it.c:126:6:BusFault_Handler	4	static
../Core/Src/stm32f4xx_it.c:141:6:UsageFault_Handler	4	static
../Core/Src/stm32f4xx_it.c:156:6:DebugMon_Handler	4	static
../Core/Src/stm32f4xx_it.c:169:6:SysTick_Handler	8	static
../Core/Src/stm32f4xx_it.c:198:6:TIM2_IRQHandler	8	static
../Core/Src/stm32f4xx_it.c:212:6:TIM3_IRQHandler	8	static
../Core/Src/stm32f4xx_it.c:226:6:USART1_IRQHandler	16	static
../Core/Src/stm32f4xx_it.c:312:6:TIM5_IRQHandler	8	static
