../LVGL/lvgl/src/hal/../draw/../misc/lv_color.h:597:26:lv_color_hex	24	static
../LVGL/lvgl/src/hal/../draw/sw/../../core/lv_obj_pos.h:199:20:lv_obj_center	16	static
../LVGL/lvgl/src/core/lv_obj_style.h:197:20:lv_obj_set_style_pad_all	24	static
../LVGL/lvgl/src/core/lv_disp.h:171:26:lv_layer_top	8	static
../LVGL/lvgl/src/lv_api_map.h:55:20:lv_obj_move_foreground	24	static
../Core/Src/touch_calibration.c:79:14:tcal_absf	16	static
../Core/Src/touch_calibration.c:84:17:tcal_crc16_ccitt	24	static
../Core/Src/touch_calibration.c:104:13:tcal_set_message	16	static
../Core/Src/touch_calibration.c:116:19:tcal_get_hor_res	16	static
../Core/Src/touch_calibration.c:125:19:tcal_get_ver_res	16	static
../Core/Src/touch_calibration.c:134:13:tcal_apply_coeff	16	static
../Core/Src/touch_calibration.c:148:13:tcal_export_coeff	16	static
../Core/Src/touch_calibration.c:162:16:tcal_store_record	80	static
../Core/Src/touch_calibration.c:186:16:tcal_load_record	72	static
../Core/Src/touch_calibration.c:219:13:tcal_prepare_targets	16	static
../Core/Src/touch_calibration.c:241:13:tcal_position_target	32	static
../Core/Src/touch_calibration.c:253:13:tcal_reset_sample_buffer	4	static
../Core/Src/touch_calibration.c:267:13:tcal_push_sample	16	static
../Core/Src/touch_calibration.c:278:16:tcal_validate_sample	16	static
../Core/Src/touch_calibration.c:304:16:tcal_solve_3x3	112	static
../Core/Src/touch_calibration.c:369:16:tcal_compute_coeff	120	static
../Core/Src/touch_calibration.c:419:16:tcal_validate_fit	64	static
../Core/Src/touch_calibration.c:458:13:tcal_create_overlay	32	static
../Core/Src/touch_calibration.c:565:13:tcal_show_retry	16	static
../Core/Src/touch_calibration.c:578:13:tcal_begin_sequence	8	static
../Core/Src/touch_calibration.c:594:13:tcal_close_overlay	8	static
../Core/Src/touch_calibration.c:604:13:tcal_retry_event_cb	16	static
../Core/Src/touch_calibration.c:613:13:tcal_exit_event_cb	16	static
../Core/Src/touch_calibration.c:620:13:tcal_overlay_event_cb	16	static
../Core/Src/touch_calibration.c:635:13:tcal_finish_failure	16	static
../Core/Src/touch_calibration.c:645:13:tcal_finish_success	8	static
../Core/Src/touch_calibration.c:654:16:tcal_touch_down	8	static
../Core/Src/touch_calibration.c:659:13:tcal_compute_and_save	168	static
../Core/Src/touch_calibration.c:719:6:touch_calibration_init	8	static
../Core/Src/touch_calibration.c:749:6:touch_calibration_start	8	static
../Core/Src/touch_calibration.c:763:9:touch_calibration_is_active	4	static
../Core/Src/touch_calibration.c:768:6:touch_calibration_process	32	static
../Core/Src/touch_calibration.c:934:13:touch_calibration_get_last_message	4	static
