../LVGL/lvgl/src/hal/../draw/../misc/lv_color.h:597:26:lv_color_hex	24	static
../LVGL/lvgl/src/hal/../draw/sw/../../core/lv_obj_pos.h:199:20:lv_obj_center	16	static
../LVGL/lvgl/src/core/lv_obj_style.h:197:20:lv_obj_set_style_pad_all	24	static
../LVGL/lvgl/src/core/lv_disp.h:162:26:lv_scr_act	8	static
../Core/Src/ui_lvgl.c:75:6:ui_lvgl_task_init	8	static
../Core/Src/ui_lvgl.c:88:10:ui_lvgl_task_step	16	static
../Core/Src/ui_lvgl.c:99:20:ui_grbl_state_text	16	static
../Core/Src/ui_lvgl.c:113:20:ui_jog_hint_text	16	static
../Core/Src/ui_lvgl.c:146:19:ui_grbl_state_color	16	static
../Core/Src/ui_lvgl.c:159:13:ui_read_machine_position	40	static,ignoring_inline_asm
../Core/Src/ui_lvgl.c:178:13:ui_format_mm	48	static
../Core/Src/ui_lvgl.c:200:13:ui_set_hint_text	16	static
../Core/Src/ui_lvgl.c:209:13:ui_set_panel_style	24	static
../Core/Src/ui_lvgl.c:224:13:ui_set_action_button_style	16	static
../Core/Src/ui_lvgl.c:240:18:ui_create_axis_value	32	static
../Core/Src/ui_lvgl.c:260:13:ui_update_mode_label	24	static
../Core/Src/ui_lvgl.c:279:13:ui_update_jog_button_state	24	static
../Core/Src/ui_lvgl.c:296:13:ui_update_preset_button_state	24	static
../Core/Src/ui_lvgl.c:321:13:ui_jog_button_event_cb	104	static
../Core/Src/ui_lvgl.c:374:13:ui_preset_button_event_cb	24	static
../Core/Src/ui_lvgl.c:419:13:ui_cal_button_event_cb	16	static
../Core/Src/ui_lvgl.c:441:13:ui_status_timer_cb	96	static
../Core/Src/ui_lvgl.c:506:13:ui_show_boot_screen	24	static
../Core/Src/ui_lvgl.c:531:13:ui_init_screen	48	static
