../grbl/report.c:35:6:report_util_setting_prefix	16	static
../grbl/report.c:36:13:report_util_line_feed	8	static
../grbl/report.c:37:13:report_util_feedback_line_feed	8	static
../grbl/report.c:38:13:report_util_gcode_modes_G	8	static
../grbl/report.c:39:13:report_util_gcode_modes_M	8	static
../grbl/report.c:41:13:report_util_axis_values	24	static
../grbl/report.c:96:13:report_util_uint8_setting	16	static
../grbl/report.c:101:13:report_util_float_setting	16	static
../grbl/report.c:114:6:report_status_message	16	static
../grbl/report.c:127:6:report_alarm_message	16	static
../grbl/report.c:140:6:report_feedback_message	16	static
../grbl/report.c:172:6:report_init_message	8	static
../grbl/report.c:178:6:report_grbl_help	8	static
../grbl/report.c:185:6:report_grbl_settings	16	static
../grbl/report.c:233:6:report_probe_parameters	24	static
../grbl/report.c:247:6:report_ngc_parameters	24	static
../grbl/report.c:277:6:report_gcode_modes	8	static
../grbl/report.c:354:6:report_startup_line	16	static
../grbl/report.c:363:6:report_execute_startup_message	16	static
../grbl/report.c:372:6:report_build_info	16	static
../grbl/report.c:456:6:report_echo_line_received	16	static
../grbl/report.c:468:6:report_realtime_status	56	static
../grbl/report.c:660:8:report_realtime_debug	4	static
