../grbl/settings.c:65:6:settings_store_startup_line	24	static
../grbl/settings.c:79:6:settings_store_build_info	16	static
../grbl/settings.c:88:6:settings_write_coord_data	24	static
../grbl/settings.c:102:6:write_global_settings	8	static
../grbl/settings.c:110:6:settings_restore	32	static
../grbl/settings.c:142:9:settings_read_startup_line	24	static
../grbl/settings.c:156:9:settings_read_build_info	16	static
../grbl/settings.c:170:9:settings_read_coord_data	24	static
../grbl/settings.c:184:9:read_global_settings	16	static
../grbl/settings.c:200:9:settings_store_global_setting	24	static
../grbl/settings.c:314:6:settings_init	8	static
../grbl/settings.c:324:9:get_step_pin_mask	16	static
../grbl/settings.c:333:9:get_direction_pin_mask	16	static
../grbl/settings.c:342:9:get_limit_pin_mask	16	static
