../grbl/stepper.c:191:13:st_apply_idle_state	16	static
../grbl/stepper.c:254:6:st_wake_up	8	static
../grbl/stepper.c:291:6:st_go_idle	16	static,ignoring_inline_asm
../grbl/stepper.c:307:6:st_finalize_idle	8	static
../grbl/stepper.c:366:6:stepper_timer_interrupt	8	static
../grbl/stepper.c:573:6:pulse_width_timer_interrupt	8	static
../grbl/stepper.c:600:6:st_generate_step_dir_invert_masks	16	static
../grbl/stepper.c:620:6:st_reset	8	static
../grbl/stepper.c:659:6:stepper_init	4	static
../grbl/stepper.c:672:6:st_update_plan_block_parameters	4	static
../grbl/stepper.c:683:16:st_next_block_index	16	static
../grbl/stepper.c:742:6:st_prep_buffer	120	static
../grbl/stepper.c:1163:7:st_get_realtime_rate	4	static
