../grbl/system.c:24:6:system_init	4	static
../grbl/system.c:33:9:system_control_get_state	4	static
../grbl/system.c:81:9:system_check_safety_door_ajar	4	static
../grbl/system.c:93:6:system_execute_startup	24	static
../grbl/system.c:118:9:system_execute_line	32	static
../grbl/system.c:275:6:system_flag_wco_change	8	static
../grbl/system.c:287:7:system_convert_axis_steps_to_mpos	24	static
../grbl/system.c:305:6:system_convert_array_steps_to_mpos	32	static
../grbl/system.c:317:11:system_convert_corexy_to_x_axis_steps	16	static
../grbl/system.c:321:11:system_convert_corexy_to_y_axis_steps	16	static
../grbl/system.c:329:9:system_check_travel_limits	24	static
../grbl/system.c:351:6:system_set_exec_state_flag	32	static,ignoring_inline_asm
../grbl/system.c:359:6:system_clear_exec_state_flag	32	static,ignoring_inline_asm
../grbl/system.c:367:6:system_set_exec_alarm	32	static,ignoring_inline_asm
../grbl/system.c:375:6:system_clear_exec_alarm	24	static,ignoring_inline_asm
../grbl/system.c:383:6:system_set_exec_motion_override_flag	32	static,ignoring_inline_asm
../grbl/system.c:391:6:system_set_exec_accessory_override_flag	32	static,ignoring_inline_asm
../grbl/system.c:399:6:system_clear_exec_motion_overrides	24	static,ignoring_inline_asm
../grbl/system.c:407:6:system_clear_exec_accessory_overrides	24	static,ignoring_inline_asm
